<?xml version="1.0" encoding="utf-8"?>
<edmx:Edmx xmlns:edmx="http://docs.oasis-open.org/odata/ns/edmx" Version="4.01">
  <edmx:Reference Uri="https://oasis-tcs.github.io/odata-vocabularies/vocabularies/Org.OData.Core.V1.xml">
    <edmx:Include Namespace="Org.OData.Core.V1"/>
  </edmx:Reference>
  <edmx:Reference Uri="https://oasis-tcs.github.io/odata-vocabularies/vocabularies/Org.OData.Capabilities.V1.xml">
    <edmx:Include Namespace="Org.OData.Capabilities.V1"/>
  </edmx:Reference>
  <edmx:DataServices>
    <Schema xmlns="http://docs.oasis-open.org/odata/ns/edm" Namespace="com.example.odata">
      <EntityContainer Name="DefaultContainer">
        <EntitySet Name="passengers" EntityType="com.example.odata.passenger">
          <Annotation Term="Org.OData.Capabilities.V1.CountRestrictions">
            <Record>
              <PropertyValue Property="Countable" Bool="true"/>
            </Record>
          </Annotation>
          <Annotation Term="Org.OData.Capabilities.V1.TopSupported" Bool="true"/>
          <Annotation Term="Org.OData.Capabilities.V1.SkipSupported" Bool="true"/>
          <Annotation Term="Org.OData.Capabilities.V1.FilterRestrictions">
            <Record>
              <PropertyValue Property="Filterable" Bool="true"/>
            </Record>
          </Annotation>
          <Annotation Term="Org.OData.Capabilities.V1.SortRestrictions">
            <Record>
              <PropertyValue Property="Sortable" Bool="true"/>
            </Record>
          </Annotation>
          <Annotation Term="Org.OData.Capabilities.V1.ExpandRestrictions">
            <Record>
              <PropertyValue Property="Expandable" Bool="false"/>
            </Record>
          </Annotation>
          <Annotation Term="Org.OData.Capabilities.V1.SearchRestrictions">
            <Record>
              <PropertyValue Property="Searchable" Bool="true"/>
            </Record>
          </Annotation>
          <Annotation Term="Org.OData.Capabilities.V1.InsertRestrictions">
            <Record>
              <PropertyValue Property="Insertable" Bool="true"/>
            </Record>
          </Annotation>
          <Annotation Term="Org.OData.Capabilities.V1.UpdateRestrictions">
            <Record>
              <PropertyValue Property="Updatable" Bool="true"/>
              <PropertyValue Property="DeltaUpdateSupported" Bool="true"/>
            </Record>
          </Annotation>
          <Annotation Term="Org.OData.Capabilities.V1.DeleteRestrictions">
            <Record>
              <PropertyValue Property="Deletable" Bool="true"/>
            </Record>
          </Annotation>
          <Annotation Term="Org.OData.Capabilities.V1.ReadRestrictions">
            <Record>
              <PropertyValue Property="Readable" Bool="true"/>
            </Record>
          </Annotation>
          <Annotation Term="Org.OData.Capabilities.V1.IndexableByKey" Bool="true"/>
          <Annotation Term="Org.OData.Capabilities.V1.SelectSupport">
            <Record>
              <PropertyValue Property="Supported" Bool="true"/>
            </Record>
          </Annotation>
          <Annotation Term="Org.OData.Core.V1.PositionalInsert" Bool="true"/>
        </EntitySet>
        <FunctionImport Name="op" Function="com.example.odata.op"/>
      </EntityContainer>
      <EnumType Name="Colours" UnderlyingType="Edm.Int64" IsFlags="false">
        <Member Name="Red" Value="1"/>
        <Member Name="Green" Value="2"/>
        <Member Name="Blue" Value="4"/>
        <Member Name="Brown" Value="8"/>
      </EnumType>
      <EnumType Name="MultiColours" UnderlyingType="Edm.Int64" IsFlags="true">
        <Member Name="Red" Value="1"/>
        <Member Name="Green" Value="2"/>
        <Member Name="Blue" Value="4"/>
        <Member Name="Brown" Value="8"/>
      </EnumType>
      <EntityType Name="passenger" OpenType="true">
        <Key>
          <PropertyRef Name="id"/>
        </Key>
        <Property Name="id" Type="Edm.Int64" Nullable="false">
          <Annotation Term="Org.OData.Core.V1.Computed" Bool="true"/>
        </Property>
        <Property Name="name" Type="Edm.String" Nullable="false" MaxLength="255"/>
        <Property Name="age" Type="Edm.Double" Nullable="true"/>
        <Property Name="dob" Type="Edm.DateTimeOffset" Nullable="true"/>
        <Property Name="chips" Type="Edm.Boolean" Nullable="true"/>
        <Property Name="dq" Type="Edm.Date" Nullable="true"/>
        <Property Name="in_role" Type="Edm.Duration" Nullable="true"/>
        <Property Name="open_time" Type="Edm.TimeOfDay" Nullable="true"/>
        <Property Name="flight_id" Type="Edm.Int64" Nullable="true"/>
        <Property Name="colour" Type="com.example.odata.Colours" Nullable="true"/>
        <Property Name="sock_colours" Type="com.example.odata.MultiColours" Nullable="true"/>
        <Property Name="emails" Type="Collection(Edm.String)" Nullable="false"/>
      </EntityType>
      <Function Name="op" IsBound="false">
        <Parameter Name="arg" Type="Edm.String" Nullable="false"/>
        <ReturnType Type="Edm.String" Nullable="false"/>
      </Function>
      <Annotations Target="com.example.odata.DefaultContainer">
        <Annotation Term="Org.OData.Core.V1.ConventionalIDs" Bool="true"/>
        <Annotation Term="Org.OData.Core.V1.DefaultNamespace" Bool="true"/>
        <Annotation Term="Org.OData.Core.V1.DereferencableIDs" Bool="true"/>
        <Annotation Term="Org.OData.Core.V1.ODataVersions" String="4.01"/>
        <Annotation Term="Org.OData.Capabilities.V1.AsynchronousRequestsSupported" Bool="true"/>
        <Annotation Term="Org.OData.Capabilities.V1.BatchSupported" Bool="true"/>
        <Annotation Term="Org.OData.Capabilities.V1.BatchSupport">
          <Record>
            <PropertyValue Property="Supported" Bool="true"/>
            <PropertyValue Property="EtagReferencesSupported" Bool="true"/>
            <PropertyValue Property="SupportedFormats">
              <Collection>
                <String>application/json</String>
                <String>multipart/mixed</String>
              </Collection>
            </PropertyValue>
          </Record>
        </Annotation>
        <Annotation Term="Org.OData.Capabilities.V1.CallbackSupported">
          <Record>
            <PropertyValue Property="CallbackProtocols">
              <Collection>
                <Record>
                  <PropertyValue Property="Id" String="http"/>
                </Record>
              </Collection>
            </PropertyValue>
          </Record>
        </Annotation>
        <Annotation Term="Org.OData.Capabilities.V1.ConformanceLevel" EnumMember="Org.OData.Capabilities.V1.ConformanceLevelType/Advanced"/>
        <Annotation Term="Org.OData.Capabilities.V1.KeyAsSegmentSupported" Bool="true"/>
        <Annotation Term="Org.OData.Capabilities.V1.QuerySegmentSupported" Bool="true"/>
        <Annotation Term="Org.OData.Capabilities.V1.SupportedFormats">
          <Collection>
            <String>application/json;metadata=full;IEEE754Compatible=true;streaming=true</String>
            <String>application/json;metadata=minimal;IEEE754Compatible=true;streaming=true</String>
            <String>application/json;metadata=none;IEEE754Compatible=true;streaming=true</String>
          </Collection>
        </Annotation>
        <Annotation Term="Org.OData.Capabilities.V1.SupportedMetadataFormats">
          <Collection>
            <String>application/json</String>
            <String>application/xml</String>
          </Collection>
        </Annotation>
      </Annotations>
    </Schema>
  </edmx:DataServices>
</edmx:Edmx>
