{
    "error": {
        "code": "property_value_invalid",
        "message": "The value property 'id' is not valid",
        "target": null,
        "details": [],
        "innererror": {}
    }
}
